// Jest Snapshot v1, https://goo.gl/fbAQLP

exports[`When AboutUs renders displays a heading 1`] = `"<h2>About Us</h2><div class=\\"carousel slide\\"><div class=\\"carousel-indicators\\"><button aria-label=\\"Alvin Accad\\" data-bs-target=\\"true\\" type=\\"button\\" class=\\"active\\"></button><button aria-label=\\"Alexander Ballou\\" data-bs-target=\\"true\\" type=\\"button\\" class=\\"\\"></button><button aria-label=\\"Ricky Fort\\" data-bs-target=\\"true\\" type=\\"button\\" class=\\"\\"></button><button aria-label=\\"Venessa Palmer\\" data-bs-target=\\"true\\" type=\\"button\\" class=\\"\\"></button></div><div class=\\"carousel-inner\\"><div class=\\"carousel-item active\\"><p class=\\"description\\"> I am a full-stack developer with experience building websites and web applications. I enjoy working with others on solving problems and communicating what can be done to solve them.</p><h3 class=\\"linkedin\\"> <a href=\\"https://www.linkedin.com/in/alvin-a-a1b826189/\\">linkedin</a></h3><p class=\\"GitHub\\"> <a href=\\" https://github.com/alvingithub1\\">GitHub</a></p><img src=\\"https://avatars.githubusercontent.com/u/74055731?v=4\\" alt=\\"Project Manager\\"/><div class=\\"carousel-caption d-none d-md-block\\"><h3>Alvin Accad</h3><p>Project Manager</p></div></div><div class=\\"carousel-item\\"><p class=\\"description\\"> I am a full stack web developer and software engineer with a background in IT and DevOps. I have experience working for a wide variety of organizations from large federal level ones to small consulting teams. I spend a lot of my free time tinkering with computers and learning about technology.</p><h3 class=\\"linkedin\\"> <a href=\\"https://www.linkedin.com/in/alexander-ballou/\\">linkedin</a></h3><p class=\\"GitHub\\"> <a href=\\"https://github.com/necessities\\">GitHub</a></p><img src=\\"https://avatars.githubusercontent.com/u/73265363?v=4\\" alt=\\"Product Manager\\"/><div class=\\"carousel-caption d-none d-md-block\\"><h3>Alexander Ballou</h3><p>Product Manager</p></div></div><div class=\\"carousel-item\\"><p class=\\"description\\"> My name is Ricky Fort, my position in Team VAAR is the Tech Lead. During the process of our Honest Review Application, I displayed solid understanding of the technical needs of the project and maintained the teams highly motivated attitude.</p><h3 class=\\"linkedin\\"> <a href=\\"https://www.linkedin.com/in/ariseson/\\">linkedin</a></h3><p class=\\"GitHub\\"> <a href=\\"https://github.com/AriseSon\\">GitHub</a></p><img src=\\"https://ca.slack-edge.com/T04B40L2C-U03K7G8TYU9-c8c0f535ad1b-512\\" alt=\\"Code Lead\\"/><div class=\\"carousel-caption d-none d-md-block\\"><h3>Ricky Fort</h3><p>Code Lead</p></div></div><div class=\\"carousel-item\\"><p class=\\"description\\"> Currently I am a student at a boot-camp style web development school in San Diego,  LEARN Academy. Here I am acquiring the necessary skills to become a junior web-developer. With over 480 hours of intense tutelage from experienced senior software developers, I am eager to apply my newly acquired skillset and be a contribution to the team! For this project I was responsible for styling, I wanted to create a visual representation of what the app is all about! I want users to focus on what the app is intended for while putting fun stylistic designs. </p><h3 class=\\"linkedin\\"> <a href=\\"https://www.linkedin.com/in/venessa-palmer-855038225/\\">linkedin</a></h3><p class=\\"GitHub\\"> <a href=\\"https://github.com/VenessaSP\\">GitHub</a></p><img src=\\"https://avatars.githubusercontent.com/u/107439475?s=400&amp;u=1f2cea854675cd8c7bf65d929f070581aa24ace0&amp;v=4\\" alt=\\"Design Lead\\"/><div class=\\"carousel-caption d-none d-md-block\\"><h3>Venessa Palmer</h3><p>Design Lead</p></div></div></div><a class=\\"carousel-control-prev\\" style=\\"cursor:pointer\\" role=\\"button\\" tabindex=\\"0\\"><span class=\\"carousel-control-prev-icon\\" aria-hidden=\\"true\\"></span><span class=\\"visually-hidden\\">Previous</span></a><a class=\\"carousel-control-next\\" style=\\"cursor:pointer\\" role=\\"button\\" tabindex=\\"0\\"><span class=\\"carousel-control-next-icon\\" aria-hidden=\\"true\\"></span><span class=\\"visually-hidden\\">Next</span></a></div>"`;
